the random test result as follows

dice num is 6
total step is 6
dice num is 6
total step is 12
dice num is 6
total step is 18
dice num is 6
total step is 24
dice num is 6
total step is 30
dice num is 6
total step is 36
dice num is 6
total step is 42
dice num is 6
total step is 48
dice num is 6
total step is 54
dice num is 6
total step is 60
dice num is 6
total step is 66
dice num is 6
total step is 2
dice num is 6
total step is 8
dice num is 6
total step is 14
dice num is 6
total step is 20
dice num is 6
total step is 26
dice num is 6
total step is 32
dice num is 6
total step is 38
dice num is 6
total step is 44
dice num is 6
total step is 50
dice num is 6
total step is 56
dice num is 6
total step is 62
dice num is 6
total step is 68
dice num is 6
total step is 4
dice num is 6
total step is 10
dice num is 6
total step is 16
dice num is 6
total step is 22
dice num is 6
total step is 28
dice num is 6
total step is 34
dice num is 6
total step is 40
dice num is 6
total step is 46
dice num is 6
total step is 52
dice num is 6
total step is 58
dice num is 6
total step is 64
dice num is 6
total step is 0
dice num is 6
total step is 6
dice num is 6
total step is 12
dice num is 6
total step is 18
dice num is 6
total step is 24
dice num is 6
total step is 30
dice num is 6
total step is 36
dice num is 6
total step is 42
dice num is 6
total step is 48
dice num is 6
total step is 54
dice num is 6
total step is 60
dice num is 6
total step is 66
dice num is 6
total step is 2
dice num is 6
total step is 8
dice num is 6
total step is 14
dice num is 6
total step is 20
dice num is 6
total step is 26
dice num is 6
total step is 32
dice num is 6
total step is 38
dice num is 6
total step is 44
dice num is 6
total step is 50
dice num is 6
total step is 56
dice num is 6
total step is 62
dice num is 6
total step is 68
dice num is 6
total step is 4
dice num is 6
total step is 10
dice num is 6
total step is 16
dice num is 6
total step is 22
dice num is 6
total step is 28
dice num is 6
total step is 34
dice num is 6
total step is 40
dice num is 6
total step is 46
dice num is 6
total step is 52
dice num is 6
total step is 58
dice num is 6
total step is 64
dice num is 6
total step is 0
finish ramdon traverse test!
the random test result as follows

dice num is 2
total step is 2
dice num is 1
test_player position wrong in 3
dice num is 1
test_player position wrong in 4
dice num is 1
test_player position wrong in 5
dice num is 1
test_player position wrong in 6
dice num is 1
test_player position wrong in 7
dice num is 1
test_player position wrong in 8
dice num is 1
test_player position wrong in 9
dice num is 1
test_player position wrong in 10
dice num is 1
test_player position wrong in 11
dice num is 1
test_player position wrong in 12
dice num is 1
test_player position wrong in 13
dice num is 1
test_player position wrong in 14
dice num is 1
test_player position wrong in 15
dice num is 1
test_player position wrong in 16
dice num is 1
test_player position wrong in 17
dice num is 1
test_player position wrong in 18
dice num is 1
test_player position wrong in 19
dice num is 1
test_player position wrong in 20
dice num is 1
test_player position wrong in 21
dice num is 1
test_player position wrong in 22
dice num is 1
test_player position wrong in 23
dice num is 1
test_player position wrong in 24
dice num is 1
test_player position wrong in 25
dice num is 1
test_player position wrong in 26
dice num is 1
test_player position wrong in 27
dice num is 1
test_player position wrong in 28
dice num is 1
test_player position wrong in 29
dice num is 1
test_player position wrong in 30
dice num is 1
test_player position wrong in 31
dice num is 1
test_player position wrong in 32
dice num is 1
test_player position wrong in 33
dice num is 1
test_player position wrong in 34
dice num is 1
test_player position wrong in 35
dice num is 1
test_player position wrong in 36
dice num is 1
test_player position wrong in 37
dice num is 1
test_player position wrong in 38
dice num is 1
test_player position wrong in 39
dice num is 1
test_player position wrong in 40
dice num is 1
test_player position wrong in 41
dice num is 1
test_player position wrong in 42
dice num is 1
test_player position wrong in 43
dice num is 1
test_player position wrong in 44
dice num is 1
test_player position wrong in 45
dice num is 1
test_player position wrong in 46
dice num is 1
test_player position wrong in 47
dice num is 1
test_player position wrong in 48
dice num is 1
test_player position wrong in 49
dice num is 1
test_player position wrong in 50
dice num is 1
test_player position wrong in 51
dice num is 1
test_player position wrong in 52
dice num is 1
test_player position wrong in 53
dice num is 1
test_player position wrong in 54
dice num is 1
test_player position wrong in 55
dice num is 1
test_player position wrong in 56
dice num is 1
test_player position wrong in 57
dice num is 1
test_player position wrong in 58
dice num is 1
test_player position wrong in 59
dice num is 1
test_player position wrong in 60
dice num is 1
test_player position wrong in 61
dice num is 1
test_player position wrong in 62
dice num is 1
test_player position wrong in 63
dice num is 1
test_player position wrong in 64
dice num is 1
test_player position wrong in 65
dice num is 1
test_player position wrong in 66
dice num is 1
test_player position wrong in 67
dice num is 1
test_player position wrong in 68
dice num is 1
test_player position wrong in 69
dice num is 1
test_player position wrong in 0
dice num is 1
test_player position wrong in 1
finish ramdon traverse test!
